// Jest Snapshot v1, https://goo.gl/fbAQLP

exports[`should write a change with a module specified 1`] = `
details: Feature 1
module: a-module

`;

exports[`should write a file for a breaking change 1`] = `
Breaking Change 1

`;

exports[`should write a file for a feature 1`] = `
Feature 2

`;

exports[`should write a file for a fix 1`] = `
Fix 1

`;

exports[`should write the details only if a module is not specified 1`] = `
Feature 1

`;
